---
source: crates/typing/tests/test_tree.rs
assertion_line: 14
expression: "(0u16..language.node_kind_count() as\nu16).filter(|&i| language.node_kind_is_visible(i) &&\nlanguage.node_kind_is_named(i) ==\nfilter_named).map(|id|\nformat(language.node_kind_for_id(id).unwrap(), id)).join(\"\\n\")"
---
pub const \: u16 = 2; // "\"
pub const FUNCTION: u16 = 3; // "function"
pub const =: u16 = 4; // "="
pub const IF: u16 = 5; // "if"
pub const FOR: u16 = 6; // "for"
pub const IN: u16 = 7; // "in"
pub const WHILE: u16 = 8; // "while"
pub const REPEAT: u16 = 9; // "repeat"
pub const ?: u16 = 10; // "?"
pub const ~: u16 = 11; // "~"
pub const !: u16 = 12; // "!"
pub const +: u16 = 13; // "+"
pub const -: u16 = 14; // "-"
pub const <-: u16 = 15; // "<-"
pub const <<-: u16 = 16; // "<<-"
pub const :=: u16 = 17; // ":="
pub const ->: u16 = 18; // "->"
pub const ->>: u16 = 19; // "->>"
pub const |: u16 = 20; // "|"
pub const &: u16 = 21; // "&"
pub const ||: u16 = 22; // "||"
pub const &&: u16 = 23; // "&&"
pub const <: u16 = 24; // "<"
pub const <=: u16 = 25; // "<="
pub const >: u16 = 26; // ">"
pub const >=: u16 = 27; // ">="
pub const ==: u16 = 28; // "=="
pub const !=: u16 = 29; // "!="
pub const *: u16 = 30; // "*"
pub const /: u16 = 31; // "/"
pub const **: u16 = 32; // "**"
pub const ^: u16 = 33; // "^"
pub const SPECIAL: u16 = 34; // "special"
pub const |>: u16 = 35; // "|>"
pub const :: u16 = 36; // ":"
pub const $: u16 = 37; // "$"
pub const @: u16 = 38; // "@"
pub const ::: u16 = 39; // "::"
pub const :::: u16 = 40; // ":::"
pub const L: u16 = 41; // "L"
pub const I: u16 = 42; // "i"
pub const ': u16 = 45; // "'"
pub const ": u16 = 46; // """
pub const NA: u16 = 60; // "NA"
pub const NA_INTEGER_: u16 = 61; // "NA_integer_"
pub const NA_REAL_: u16 = 62; // "NA_real_"
pub const NA_COMPLEX_: u16 = 63; // "NA_complex_"
pub const NA_CHARACTER_: u16 = 64; // "NA_character_"
pub const ELSE: u16 = 71; // "else"
pub const (: u16 = 72; // "("
pub const ): u16 = 73; // ")"
pub const {: u16 = 74; // "{"
pub const }: u16 = 75; // "}"
pub const [: u16 = 76; // "["
pub const ]: u16 = 77; // "]"
pub const [[: u16 = 78; // "[["
pub const ]]: u16 = 79; // "]]"
