---
source: tests/test_format.rs
expression: "format_str(indoc!\n{\n    r#\"\n        while # while\n        # 1\n        ( # (\n            # 2\n            condition # condition\n            # 3\n        ) # )\n        # 4\n        {}\n    \"#\n}).unwrap()"
---
while # while
# 1
( # (
  # 2
  condition # condition
  # 3
) # )
# 4
{}
