---
source: tests/test_format.rs
expression: "format_str(indoc!\n{\n    r#\"\n        repeat { body }\n        repeat {\n            body\n        }\n        repeat body\n        repeat\n            body\n    \"#\n}).unwrap()"
---
repeat {
  body
}
repeat {
  body
}
repeat {
  body
}
repeat {
  body
}
