---
source: tests/test_format.rs
expression: "format_str(indoc!\n{\n    r#\"\n        lhs + # 1\n            rhs # 2\n\n        (\n            lhs # lhs\n            # 1\n            + # operator\n            # 2\n            rhs # rhs\n        )\n    \"#\n}).unwrap()"
---
lhs + # 1
  rhs # 2

(
  lhs # lhs
    # 1
    + # operator
    # 2
    rhs # rhs
)
