---
source: crates/roughly/tests/test_format.rs
expression: code
---
# This is easier to read and compare:
start <- camera_origin_start - (focus_dist * forward_start) - 0.5 * view_width * right_start + 0.5 * view_height * up_start
end <- camera_origin_end - (focus_dist * forward_end) - 0.5 * view_width * right_end + 0.5 * view_height * up_end

# Than this inconsistent formatting where only one line is broken:
# start <- camera_origin_start - (focus_dist * forward_start) - 0.5 * view_width * right_start
#     + 0.5 * view_height * up_start
# end <- camera_origin_end - (focus_dist * forward_end) - 0.5 * view_width * right_end + 0.5 * view_height * up_end