---
source: crates/roughly/tests/test_format.rs
expression: code
---
if (any(
  sapply(foo)
)) {
  stop("")
}

if (!foo ||
  !bar ||
  !baz()) {
  stop("")
}

while (foo(
  bar
)) {
  baz
}

while ({ foo; bar }) {
  baz
}
while ({
  foo
  bar
}) {
  baz
}

for (x in foo(
  bar
)) {
  baz
}

for (
  variable
  in {
    sequence
  }
) {}
