---
source: tests/test_format.rs
expression: "format_str(indoc!\n{\n    r#\"\n        while (\n        # 1\n        {\n            condition\n        }) {}\n\n        while ({\n            condition\n        }\n        # 1\n        ) {}\n        \"#\n}).unwrap()"
---
while (
  # 1
  {
    condition
  }
) {}

while (
  {
    condition
  }
  # 1
) {}
