---
source: crates/roughly/tests/test_format.rs
expression: "format_str(indoc!\n{r#\"\n        foo$\n            bar(a)$\n            baz(a,b)\n\n        (foo\n        )$\n            bar(a\n            )$\n            baz(a,b)$\n    \"#}).unwrap()"
---
foo$
  bar(a)$
  baz(a, b)

(foo)$
  bar(a)$
  baz(a, b)$
