---
source: crates/typing/tests/test_tree.rs
assertion_line: 14
expression: "(0u16..language.node_kind_count() as\nu16).filter(|&i| language.node_kind_is_visible(i) &&\nlanguage.node_kind_is_named(i) ==\nfilter_named).map(|id|\nformat(language.node_kind_for_id(id).unwrap(), id)).join(\"\\n\")"
---
pub const IDENTIFIER: u16 = 1; // "identifier"
pub const ESCAPE_SEQUENCE: u16 = 49; // "escape_sequence"
pub const DOTS: u16 = 50; // "dots"
pub const DOT_DOT_I: u16 = 51; // "dot_dot_i"
pub const RETURN: u16 = 52; // "return"
pub const NEXT: u16 = 53; // "next"
pub const BREAK: u16 = 54; // "break"
pub const TRUE: u16 = 55; // "true"
pub const FALSE: u16 = 56; // "false"
pub const NULL: u16 = 57; // "null"
pub const INF: u16 = 58; // "inf"
pub const NAN: u16 = 59; // "nan"
pub const COMMENT: u16 = 65; // "comment"
pub const COMMA: u16 = 66; // "comma"
pub const PROGRAM: u16 = 81; // "program"
pub const FUNCTION_DEFINITION: u16 = 82; // "function_definition"
pub const PARAMETERS: u16 = 83; // "parameters"
pub const PARAMETER: u16 = 84; // "parameter"
pub const IF_STATEMENT: u16 = 88; // "if_statement"
pub const FOR_STATEMENT: u16 = 89; // "for_statement"
pub const WHILE_STATEMENT: u16 = 90; // "while_statement"
pub const REPEAT_STATEMENT: u16 = 91; // "repeat_statement"
pub const BRACED_EXPRESSION: u16 = 92; // "braced_expression"
pub const PARENTHESIZED_EXPRESSION: u16 = 93; // "parenthesized_expression"
pub const CALL: u16 = 94; // "call"
pub const SUBSET: u16 = 95; // "subset"
pub const SUBSET2: u16 = 96; // "subset2"
pub const ARGUMENTS: u16 = 97; // "arguments"
pub const ARGUMENTS: u16 = 98; // "arguments"
pub const ARGUMENTS: u16 = 99; // "arguments"
pub const ARGUMENT: u16 = 100; // "argument"
pub const UNARY_OPERATOR: u16 = 104; // "unary_operator"
pub const BINARY_OPERATOR: u16 = 105; // "binary_operator"
pub const EXTRACT_OPERATOR: u16 = 106; // "extract_operator"
pub const NAMESPACE_OPERATOR: u16 = 107; // "namespace_operator"
pub const INTEGER: u16 = 108; // "integer"
pub const COMPLEX: u16 = 109; // "complex"
pub const FLOAT: u16 = 110; // "float"
pub const STRING: u16 = 112; // "string"
pub const NA: u16 = 118; // "na"
pub const STRING_CONTENT: u16 = 134; // "string_content"
